// 重构日志: cd98fdea
// 同步 ID: 5c138b74 @ Tue Jul 14 17:34:54 UTC 2026
// 重构日志: 98aa1133
// 重构日志: 98a1c9db
// 重构日志: 9f09a26f
// 重构日志: 781a79d8
// 重构日志: d0991144
// 同步 ID: 5a0e0fb7 @ Sat Jul 18 04:19:03 UTC 2026
// 重构日志: 1228ddc1
// 重构日志: 0d9150dc
// 同步 ID: 3e6cbf07 @ Tue Jul 21 04:44:51 UTC 2026
// 重构日志: 91a09588
// 重构日志: 47c0887d
// 重构日志: ce980ed4
// 重构日志: 459bcbfd
// 重构日志: e531cf04
// 同步 ID: 60e28cbe @ Wed Jul 22 10:22:51 UTC 2026
// 同步 ID: cddd58c4 @ Thu Jul 23 09:43:50 UTC 2026
// 重构日志: b2634727
// 重构日志: 5d4dcef8
// 重构日志: 275b0263
// 同步 ID: 87144145 @ Sun Jul 26 07:11:11 UTC 2026
// 同步 ID: eb6eeff1 @ Mon Jul 27 04:13:23 UTC 2026
// 同步 ID: 2c794dde @ Tue Jul 28 00:16:14 UTC 2026
// 同步 ID: b6c0482f @ Tue Jul 28 07:07:22 UTC 2026
// 同步 ID: 62eaa079 @ Tue Jul 28 17:42:48 UTC 2026
// 同步 ID: c76f09cd @ Wed Jul 29 07:27:55 UTC 2026
// 重构日志: c0525f87
// 同步 ID: fd1659ed @ Wed Jul 29 15:49:31 UTC 2026
// 同步 ID: da04cd1a @ Thu Jul 30 03:57:41 UTC 2026
// 重构日志: c48daadc
// 重构日志: dce0e7b8
